2026-07-07T09:40:15.031Z INFO  payment-gateway client=checkout-service req_id=8c05 POST /v1/charge status=200 duration_ms=74 rate_limit_remaining=258
2026-07-07T09:42:30.618Z INFO  payment-gateway client=checkout-service req_id=8c31 POST /v1/charge status=200 duration_ms=83 rate_limit_remaining=221
2026-07-07T09:47:52.227Z INFO  payment-gateway client=checkout-service req_id=8c77 POST /v1/charge status=200 duration_ms=88 rate_limit_remaining=157
2026-07-07T09:50:15.004Z INFO  payment-gateway summary window_min=1 client=checkout-service requests=176 normal_baseline=180 msg="within normal request volume"
2026-07-07T09:52:18.484Z INFO  payment-gateway client=checkout-service req_id=8ca4 POST /v1/charge status=200 duration_ms=79 rate_limit_remaining=249
2026-07-07T09:55:03.281Z INFO  payment-gateway client=checkout-service req_id=8e22 POST /v1/charge status=200 duration_ms=77 rate_limit_remaining=289
2026-07-07T09:57:40.116Z INFO  payment-gateway client=checkout-service req_id=8e40 POST /v1/charge status=200 duration_ms=71 rate_limit_remaining=186
2026-07-07T09:59:10.214Z INFO  payment-gateway client=checkout-service req_id=8e55 POST /v1/charge status=200 duration_ms=76 rate_limit_remaining=270
2026-07-07T10:00:31.071Z INFO  payment-gateway client=checkout-service req_id=8e90 POST /v1/charge status=200 duration_ms=82 rate_limit_remaining=207
2026-07-07T10:03:12.731Z INFO  payment-gateway client=checkout-service req_id=8f47 POST /v1/charge status=200 duration_ms=85 rate_limit_remaining=261
2026-07-07T10:05:40.001Z WARN  payment-gateway client=checkout-service req_id=8fc7 POST /v1/charge status=429 duration_ms=8 rate_limit_remaining=0 msg="rate limit exceeded: 300 req/min"
2026-07-07T10:05:41.100Z WARN  payment-gateway client=checkout-service req_id=8fc7 POST /v1/charge status=429 duration_ms=6 rate_limit_remaining=0 attempt=2 msg="rate limit exceeded: 300 req/min"
2026-07-07T10:06:15.221Z INFO  payment-gateway summary window_min=1 client=checkout-service requests=612 normal_baseline=180 msg="3.4x normal request volume"
2026-07-07T10:07:58.996Z WARN  payment-gateway client=checkout-service req_id=8fe9 POST /v1/charge status=429 duration_ms=7 rate_limit_remaining=0 msg="rate limit exceeded: 300 req/min"
2026-07-07T10:09:12.548Z WARN  payment-gateway client=checkout-service req_id=800e POST /v1/charge status=429 duration_ms=9 rate_limit_remaining=0 msg="rate limit exceeded: 300 req/min"
2026-07-07T10:10:41.212Z WARN  payment-gateway client=checkout-service req_id=8041 POST /v1/charge status=429 duration_ms=6 rate_limit_remaining=0 attempt=2 msg="rate limit exceeded: 300 req/min"
2026-07-07T10:12:20.221Z INFO  payment-gateway summary window_min=1 client=checkout-service requests=598 normal_baseline=180 msg="3.3x normal request volume"
2026-07-07T10:15:02.213Z WARN  payment-gateway client=checkout-service req_id=8098 POST /v1/charge status=429 duration_ms=8 rate_limit_remaining=0 msg="rate limit exceeded: 300 req/min"
2026-07-07T10:19:45.322Z WARN  payment-gateway client=checkout-service req_id=80e1 POST /v1/charge status=429 duration_ms=9 rate_limit_remaining=0 attempt=3 msg="rate limit exceeded: 300 req/min"
2026-07-07T10:20:00.001Z INFO  payment-gateway status_page="all systems operational" note="No incidents on payment-gateway side; elevated 429s are client-driven (checkout-service traffic 3-4x baseline)"
