2026-07-07T09:40:12.348Z INFO  checkout-service pod=checkout-7f9c-c3 req_id=8c02 GET /cart/summary status=200 duration_ms=98
2026-07-07T09:40:15.017Z DEBUG checkout-service pod=checkout-7f9c-c3 req_id=8c05 db.query duration_ms=5 rows=3 sql="SELECT c.*, ci.*, p.* FROM cart c JOIN cart_item ci ON ci.cart_id = c.id JOIN product p ON p.id = ci.product_id WHERE c.id = 1047688"
2026-07-07T09:40:15.110Z INFO  checkout-service pod=checkout-7f9c-c3 req_id=8c05 payment.call downstream=payment-gateway status=200 attempt=1 duration_ms=81
2026-07-07T09:40:15.129Z INFO  checkout-service pod=checkout-7f9c-c3 req_id=8c05 POST /checkout/start status=200 duration_ms=131
2026-07-07T09:42:30.604Z DEBUG checkout-service pod=checkout-7f9c-d4 req_id=8c31 db.query duration_ms=7 rows=9 sql="SELECT c.*, ci.*, p.* FROM cart c JOIN cart_item ci ON ci.cart_id = c.id JOIN product p ON p.id = ci.product_id WHERE c.id = 1047731"
2026-07-07T09:42:30.706Z INFO  checkout-service pod=checkout-7f9c-d4 req_id=8c31 payment.call downstream=payment-gateway status=200 attempt=1 duration_ms=90
2026-07-07T09:42:30.738Z INFO  checkout-service pod=checkout-7f9c-d4 req_id=8c31 POST /checkout/start status=200 duration_ms=149
2026-07-07T09:45:00.002Z INFO  checkout-service pod=checkout-7f9c-a1 req_id=8c58 db.pool active_connections=20 max_connections=50 avg_hold_time_ms=33 queued_requests=0
2026-07-07T09:47:52.211Z DEBUG checkout-service pod=checkout-7f9c-b2 req_id=8c77 db.query duration_ms=8 rows=11 sql="SELECT c.*, ci.*, p.* FROM cart c JOIN cart_item ci ON ci.cart_id = c.id JOIN product p ON p.id = ci.product_id WHERE c.id = 1047802"
2026-07-07T09:47:52.320Z INFO  checkout-service pod=checkout-7f9c-b2 req_id=8c77 payment.call downstream=payment-gateway status=200 attempt=1 duration_ms=95
2026-07-07T09:47:52.352Z INFO  checkout-service pod=checkout-7f9c-b2 req_id=8c77 POST /checkout/start status=200 duration_ms=156
2026-07-07T09:50:00.001Z INFO  checkout-service summary window_min=15 success_rate_pct=99.5 p95_latency_ms=146 db_pool_saturation_pct=40
2026-07-07T09:52:18.470Z DEBUG checkout-service pod=checkout-7f9c-c3 req_id=8ca4 db.query duration_ms=6 rows=6 sql="SELECT c.*, ci.*, p.* FROM cart c JOIN cart_item ci ON ci.cart_id = c.id JOIN product p ON p.id = ci.product_id WHERE c.id = 1047915"
2026-07-07T09:52:18.568Z INFO  checkout-service pod=checkout-7f9c-c3 req_id=8ca4 payment.call downstream=payment-gateway status=200 attempt=1 duration_ms=86
2026-07-07T09:52:18.603Z INFO  checkout-service pod=checkout-7f9c-c3 req_id=8ca4 POST /checkout/start status=200 duration_ms=140
2026-07-07T09:55:01.112Z INFO  checkout-service pod=checkout-7f9c-a1 req_id=8e21 GET /cart/summary status=200 duration_ms=112
2026-07-07T09:55:03.363Z INFO  checkout-service pod=checkout-7f9c-b2 req_id=8e22 payment.call downstream=payment-gateway status=200 attempt=1 duration_ms=84
2026-07-07T09:55:03.400Z INFO  checkout-service pod=checkout-7f9c-b2 req_id=8e22 POST /checkout/start status=200 duration_ms=145
2026-07-07T09:56:00.003Z INFO  checkout-service pod=checkout-7f9c-a1 req_id=8e31 db.pool active_connections=21 max_connections=50 avg_hold_time_ms=34 queued_requests=0
2026-07-07T09:57:40.102Z DEBUG checkout-service pod=checkout-7f9c-a1 req_id=8e40 db.query duration_ms=6 rows=5 sql="SELECT c.*, ci.*, p.* FROM cart c JOIN cart_item ci ON ci.cart_id = c.id JOIN product p ON p.id = ci.product_id WHERE c.id = 1048213"
2026-07-07T09:57:40.192Z INFO  checkout-service pod=checkout-7f9c-a1 req_id=8e40 payment.call downstream=payment-gateway status=200 attempt=1 duration_ms=78
2026-07-07T09:57:40.221Z INFO  checkout-service pod=checkout-7f9c-a1 req_id=8e40 POST /checkout/start status=200 duration_ms=138
2026-07-07T09:58:02.005Z INFO  deploy-agent  Rolling update started: checkout-service v2.13.4 -> v2.14.0
2026-07-07T09:58:47.883Z INFO  deploy-agent  Rolling update completed: checkout-service v2.14.0 (12/12 pods ready)
2026-07-07T09:59:10.295Z INFO  checkout-service pod=checkout-8a1d-c3 req_id=8e55 payment.call downstream=payment-gateway status=200 attempt=1 duration_ms=83
2026-07-07T09:59:10.331Z INFO  checkout-service pod=checkout-8a1d-c3 req_id=8e55 POST /checkout/start status=200 duration_ms=151
2026-07-07T10:00:01.921Z DEBUG checkout-service pod=checkout-8a1d-c3 req_id=8e73 db.query duration_ms=3 rows=1 sql="SELECT c.* FROM cart c WHERE c.id = 1048377"
2026-07-07T10:00:01.926Z DEBUG checkout-service pod=checkout-8a1d-c3 req_id=8e73 db.query duration_ms=4 rows=4 sql="SELECT ci.* FROM cart_item ci WHERE ci.cart_id = 1048377"
2026-07-07T10:00:01.931Z DEBUG checkout-service pod=checkout-8a1d-c3 req_id=8e73 db.query duration_ms=5 rows=1 sql="SELECT p.* FROM product p WHERE p.id = 20417"
2026-07-07T10:00:01.937Z DEBUG checkout-service pod=checkout-8a1d-c3 req_id=8e73 db.query duration_ms=5 rows=1 sql="SELECT p.* FROM product p WHERE p.id = 31862"
2026-07-07T10:00:01.943Z DEBUG checkout-service pod=checkout-8a1d-c3 req_id=8e73 db.query duration_ms=4 rows=1 sql="SELECT p.* FROM product p WHERE p.id = 18054"
2026-07-07T10:00:01.949Z DEBUG checkout-service pod=checkout-8a1d-c3 req_id=8e73 db.query duration_ms=6 rows=1 sql="SELECT p.* FROM product p WHERE p.id = 40991"
2026-07-07T10:00:02.114Z INFO  checkout-service pod=checkout-8a1d-c3 req_id=8e73 POST /checkout/start status=200 duration_ms=203
2026-07-07T10:00:31.158Z INFO  checkout-service pod=checkout-8a1d-d4 req_id=8e90 payment.call downstream=payment-gateway status=200 attempt=1 duration_ms=89
2026-07-07T10:00:31.220Z INFO  checkout-service pod=checkout-8a1d-d4 req_id=8e90 POST /checkout/start status=200 duration_ms=241
2026-07-07T10:01:04.981Z DEBUG checkout-service pod=checkout-8a1d-c3 req_id=8f02 db.query duration_ms=9 rows=1 sql="SELECT c.* FROM cart c WHERE c.id = 1048391"
2026-07-07T10:01:04.995Z DEBUG checkout-service pod=checkout-8a1d-c3 req_id=8f02 db.query duration_ms=12 rows=6 sql="SELECT ci.* FROM cart_item ci WHERE ci.cart_id = 1048391"
2026-07-07T10:01:05.031Z DEBUG checkout-service pod=checkout-8a1d-c3 req_id=8f02 db.query duration_ms=34 rows=1 sql="SELECT p.* FROM product p WHERE p.id = 27733"
2026-07-07T10:01:05.071Z DEBUG checkout-service pod=checkout-8a1d-c3 req_id=8f02 db.query duration_ms=38 rows=1 sql="SELECT p.* FROM product p WHERE p.id = 15209"
2026-07-07T10:01:05.212Z WARN  checkout-service pod=checkout-8a1d-c3 req_id=8f02 db.query slow_query duration_ms=138 threshold_ms=100 rows=1 sql="SELECT p.* FROM product p WHERE p.id = 38460"
2026-07-07T10:01:05.255Z DEBUG checkout-service pod=checkout-8a1d-c3 req_id=8f02 db.query duration_ms=41 rows=1 sql="SELECT p.* FROM product p WHERE p.id = 22918"
2026-07-07T10:01:05.301Z DEBUG checkout-service pod=checkout-8a1d-c3 req_id=8f02 db.query duration_ms=44 rows=1 sql="SELECT p.* FROM product p WHERE p.id = 41275"
2026-07-07T10:01:05.342Z DEBUG checkout-service pod=checkout-8a1d-c3 req_id=8f02 db.query duration_ms=39 rows=1 sql="SELECT p.* FROM product p WHERE p.id = 19637"
2026-07-07T10:01:47.006Z INFO  checkout-service pod=checkout-8a1d-d4 req_id=8f18 POST /checkout/start status=200 duration_ms=389
2026-07-07T10:02:20.775Z WARN  checkout-service pod=checkout-8a1d-c3 req_id=8f31 db.pool active_connections=34 max_connections=50 avg_hold_time_ms=210
2026-07-07T10:03:12.302Z DEBUG checkout-service pod=checkout-8a1d-e5 req_id=8f47 db.query duration_ms=14 rows=1 sql="SELECT c.* FROM cart c WHERE c.id = 1048402"
2026-07-07T10:03:12.319Z DEBUG checkout-service pod=checkout-8a1d-e5 req_id=8f47 db.query duration_ms=16 rows=9 sql="SELECT ci.* FROM cart_item ci WHERE ci.cart_id = 1048402"
2026-07-07T10:03:12.346Z DEBUG checkout-service pod=checkout-8a1d-e5 req_id=8f47 db.query duration_ms=26 rows=1 sql="SELECT p.* FROM product p WHERE p.id = 33104"
2026-07-07T10:03:12.376Z DEBUG checkout-service pod=checkout-8a1d-e5 req_id=8f47 db.query duration_ms=29 rows=1 sql="SELECT p.* FROM product p WHERE p.id = 21586"
2026-07-07T10:03:12.401Z DEBUG checkout-service pod=checkout-8a1d-e5 req_id=8f47 db.query duration_ms=24 rows=1 sql="SELECT p.* FROM product p WHERE p.id = 40027"
2026-07-07T10:03:12.564Z WARN  checkout-service pod=checkout-8a1d-e5 req_id=8f47 db.query slow_query duration_ms=162 threshold_ms=100 rows=1 sql="SELECT p.* FROM product p WHERE p.id = 17752"
2026-07-07T10:03:12.593Z DEBUG checkout-service pod=checkout-8a1d-e5 req_id=8f47 db.query duration_ms=28 rows=1 sql="SELECT p.* FROM product p WHERE p.id = 29341"
2026-07-07T10:03:12.619Z DEBUG checkout-service pod=checkout-8a1d-e5 req_id=8f47 db.query duration_ms=25 rows=1 sql="SELECT p.* FROM product p WHERE p.id = 36618"
2026-07-07T10:03:12.651Z DEBUG checkout-service pod=checkout-8a1d-e5 req_id=8f47 db.query duration_ms=31 rows=1 sql="SELECT p.* FROM product p WHERE p.id = 24480"
2026-07-07T10:03:12.679Z DEBUG checkout-service pod=checkout-8a1d-e5 req_id=8f47 db.query duration_ms=27 rows=1 sql="SELECT p.* FROM product p WHERE p.id = 38915"
2026-07-07T10:03:12.704Z DEBUG checkout-service pod=checkout-8a1d-e5 req_id=8f47 db.query duration_ms=24 rows=1 sql="SELECT p.* FROM product p WHERE p.id = 16273"
2026-07-07T10:03:12.821Z INFO  checkout-service pod=checkout-8a1d-e5 req_id=8f47 payment.call downstream=payment-gateway status=200 attempt=1 duration_ms=92
2026-07-07T10:03:13.012Z INFO  checkout-service pod=checkout-8a1d-e5 req_id=8f47 POST /checkout/start status=200 duration_ms=724
2026-07-07T10:03:44.221Z WARN  checkout-service pod=checkout-8a1d-c3 req_id=8f62 db.pool active_connections=45 max_connections=50 avg_hold_time_ms=340
2026-07-07T10:04:10.556Z ERROR checkout-service pod=checkout-8a1d-d4 req_id=8f80 db.pool.acquire timeout_ms=5000 active_connections=50 max_connections=50 msg="ConnectionPoolTimeoutException: no free connection after 5000ms"
2026-07-07T10:04:11.002Z ERROR checkout-service pod=checkout-8a1d-d4 req_id=8f80 POST /checkout/start status=504 duration_ms=5008
2026-07-07T10:04:33.712Z ERROR checkout-service pod=checkout-8a1d-e5 req_id=8f91 db.pool.acquire timeout_ms=5000 active_connections=50 max_connections=50 msg="ConnectionPoolTimeoutException: no free connection after 5000ms"
2026-07-07T10:04:34.100Z ERROR checkout-service pod=checkout-8a1d-e5 req_id=8f91 POST /checkout/start status=504 duration_ms=5011
2026-07-07T10:05:02.440Z ERROR checkout-service pod=checkout-8a1d-c3 req_id=8fa0 db.pool.acquire timeout_ms=5000 active_connections=50 max_connections=50 msg="ConnectionPoolTimeoutException: no free connection after 5000ms"
2026-07-07T10:05:02.900Z INFO  checkout-service pod=checkout-8a1d-c3 req_id=8fa0 retry.scheduled attempt=1 delay_ms=200
2026-07-07T10:05:03.150Z ERROR checkout-service pod=checkout-8a1d-c3 req_id=8fa0 POST /checkout/start status=504 duration_ms=5015
2026-07-07T10:05:15.667Z WARN  checkout-service pod=checkout-8a1d-f6 req_id=8fb3 db.pool active_connections=50 max_connections=50 queued_requests=14
2026-07-07T10:05:40.221Z ERROR checkout-service pod=checkout-8a1d-f6 req_id=8fc7 payment.call downstream=payment-gateway status=429 attempt=1 msg="Too Many Requests"
2026-07-07T10:05:41.004Z INFO  checkout-service pod=checkout-8a1d-f6 req_id=8fc7 retry.scheduled attempt=2 delay_ms=200
2026-07-07T10:05:41.330Z ERROR checkout-service pod=checkout-8a1d-f6 req_id=8fc7 payment.call downstream=payment-gateway status=429 attempt=2 msg="Too Many Requests"
2026-07-07T10:06:02.884Z ALERT checkout-service ALERT_FIRED name="High latency & elevated error rate" p95_latency_ms=2140 error_rate_pct=6.8
2026-07-07T10:07:10.500Z ALERT checkout-service-db ALERT_FIRED name="DB connection pool saturation" active_connections=50 max_connections=50 duration_min=3
2026-07-07T10:07:33.221Z ERROR checkout-service pod=checkout-8a1d-a7 req_id=8fe2 db.pool.acquire timeout_ms=5000 active_connections=50 max_connections=50 msg="ConnectionPoolTimeoutException: no free connection after 5000ms"
2026-07-07T10:07:59.004Z ERROR checkout-service pod=checkout-8a1d-a7 req_id=8fe9 payment.call downstream=payment-gateway status=429 attempt=1 msg="Too Many Requests"
2026-07-07T10:08:20.771Z WARN  checkout-service pod=checkout-8a1d-b8 req_id=8ff5 db.pool active_connections=50 max_connections=50 queued_requests=22
2026-07-07T10:08:45.330Z ERROR checkout-service pod=checkout-8a1d-b8 req_id=8005 POST /checkout/start status=504 duration_ms=5009
2026-07-07T10:09:12.556Z ERROR checkout-service pod=checkout-8a1d-c9 req_id=800e payment.call downstream=payment-gateway status=429 attempt=1 msg="Too Many Requests"
2026-07-07T10:09:33.812Z ERROR checkout-service pod=checkout-8a1d-c9 req_id=8021 db.pool.acquire timeout_ms=5000 active_connections=50 max_connections=50 msg="ConnectionPoolTimeoutException: no free connection after 5000ms"
2026-07-07T10:10:05.114Z WARN  checkout-service pod=checkout-8a1d-d0 req_id=8033 db.pool active_connections=50 max_connections=50 queued_requests=31
2026-07-07T10:10:41.220Z ERROR checkout-service pod=checkout-8a1d-d0 req_id=8041 payment.call downstream=payment-gateway status=429 attempt=2 msg="Too Many Requests"
2026-07-07T10:11:15.667Z ERROR checkout-service pod=checkout-8a1d-e1 req_id=8055 POST /checkout/start status=504 duration_ms=5013
2026-07-07T10:12:02.331Z ERROR checkout-service pod=checkout-8a1d-e1 req_id=8067 db.pool.acquire timeout_ms=5000 active_connections=50 max_connections=50 msg="ConnectionPoolTimeoutException: no free connection after 5000ms"
2026-07-07T10:13:40.900Z WARN  checkout-service pod=checkout-8a1d-f2 req_id=8081 db.pool active_connections=50 max_connections=50 queued_requests=38
2026-07-07T10:15:02.221Z ERROR checkout-service pod=checkout-8a1d-f2 req_id=8098 payment.call downstream=payment-gateway status=429 attempt=1 msg="Too Many Requests"
2026-07-07T10:16:33.554Z ERROR checkout-service pod=checkout-8a1d-a3 req_id=80a2 POST /checkout/start status=504 duration_ms=5010
2026-07-07T10:18:02.771Z WARN  checkout-service pod=checkout-8a1d-b4 req_id=80c9 db.pool active_connections=50 max_connections=50 queued_requests=41
2026-07-07T10:19:45.330Z ERROR checkout-service pod=checkout-8a1d-c5 req_id=80e1 payment.call downstream=payment-gateway status=429 attempt=3 msg="Too Many Requests, giving up after 3 attempts"
2026-07-07T10:19:45.500Z ERROR checkout-service pod=checkout-8a1d-c5 req_id=80e1 POST /checkout/start status=502 duration_ms=612 msg="Upstream payment-gateway unavailable"
2026-07-07T10:20:00.001Z WARN  checkout-service summary window_min=15 success_rate_pct=62.4 p95_latency_ms=4180 db_pool_saturation_pct=100
